#-----------------------------------------------------------
# Webtalk v2016.4 (64-bit)
# SW Build 1733598 on Wed Dec 14 22:35:39 MST 2016
# IP Build 1731160 on Wed Dec 14 23:47:21 MST 2016
# Start of session at: Sat May 13 23:42:43 2017
# Process ID: 7044
# Current directory: c:/users/khem_/desktop/dig_design_lab/final_project/microblaze_vga/microblaze_vga.tmp/axi4_vga_v1_0_project/axi4_vga_v1_0_project.sim/sim_1/behav
# Command line: wbtcv.exe -mode batch -source c:/users/khem_/desktop/dig_design_lab/final_project/microblaze_vga/microblaze_vga.tmp/axi4_vga_v1_0_project/axi4_vga_v1_0_project.sim/sim_1/behav/xsim.dir/vga_tb_behav/webtalk/xsim_webtalk.tcl -notrace
# Log file: c:/users/khem_/desktop/dig_design_lab/final_project/microblaze_vga/microblaze_vga.tmp/axi4_vga_v1_0_project/axi4_vga_v1_0_project.sim/sim_1/behav/webtalk.log
# Journal file: c:/users/khem_/desktop/dig_design_lab/final_project/microblaze_vga/microblaze_vga.tmp/axi4_vga_v1_0_project/axi4_vga_v1_0_project.sim/sim_1/behav\webtalk.jou
#-----------------------------------------------------------
source c:/users/khem_/desktop/dig_design_lab/final_project/microblaze_vga/microblaze_vga.tmp/axi4_vga_v1_0_project/axi4_vga_v1_0_project.sim/sim_1/behav/xsim.dir/vga_tb_behav/webtalk/xsim_webtalk.tcl -notrace
